// Jest Snapshot v1, https://goo.gl/fbAQLP

exports[`Teaser Posts Grid Block Save Component renders with defaults 1`] = `<ul />`;

exports[`Teaser Posts Grid Block Save Component renders with multiple items 1`] = `
<ul>
  <li>
    <h2>
      Post 
      13
    </h2>
  </li>
  <li>
    <h2>
      Post 
      42
    </h2>
  </li>
</ul>
`;
